// Jest Snapshot v1, https://goo.gl/fbAQLP

exports[`paste.ts: decision item copied from renderer and pasted 1`] = `
Object {
  "content": Array [
    Object {
      "content": Array [
        Object {
          "text": "xx",
          "type": "text",
        },
      ],
      "type": "paragraph",
    },
    Object {
      "attrs": Object {
        "localId": "abc-123",
      },
      "content": Array [
        Object {
          "attrs": Object {
            "localId": "abc-123",
            "state": "DECIDED",
          },
          "content": Array [
            Object {
              "text": "Decision 1",
              "type": "text",
            },
          ],
          "type": "decisionItem",
        },
        Object {
          "attrs": Object {
            "localId": "abc-123",
            "state": "DECIDED",
          },
          "content": Array [
            Object {
              "text": "Decision 2",
              "type": "text",
            },
          ],
          "type": "decisionItem",
        },
      ],
      "type": "decisionList",
    },
    Object {
      "attrs": Object {
        "level": 3,
      },
      "content": Array [
        Object {
          "text": "h3",
          "type": "text",
        },
      ],
      "type": "heading",
    },
  ],
  "type": "doc",
}
`;

exports[`paste.ts: inline card copied from renderer and pasted 1`] = `
Object {
  "content": Array [
    Object {
      "content": Array [
        Object {
          "text": "This is an inline card",
          "type": "text",
        },
        Object {
          "attrs": Object {
            "data": null,
            "url": "https://inlineCardTestUrl",
          },
          "type": "inlineCard",
        },
        Object {
          "text": ". This is end of sentence.",
          "type": "text",
        },
      ],
      "type": "paragraph",
    },
  ],
  "type": "doc",
}
`;

exports[`paste.ts: paste tests on fullpage editor: bullet list 1`] = `
Object {
  "content": Array [
    Object {
      "content": Array [
        Object {
          "content": Array [
            Object {
              "content": Array [
                Object {
                  "text": "list ele 1",
                  "type": "text",
                },
              ],
              "type": "paragraph",
            },
          ],
          "type": "listItem",
        },
        Object {
          "content": Array [
            Object {
              "content": Array [
                Object {
                  "text": "list ele 2",
                  "type": "text",
                },
              ],
              "type": "paragraph",
            },
            Object {
              "content": Array [
                Object {
                  "content": Array [
                    Object {
                      "content": Array [
                        Object {
                          "text": "more ele 1",
                          "type": "text",
                        },
                      ],
                      "type": "paragraph",
                    },
                  ],
                  "type": "listItem",
                },
                Object {
                  "content": Array [
                    Object {
                      "content": Array [
                        Object {
                          "text": "more ele 2",
                          "type": "text",
                        },
                      ],
                      "type": "paragraph",
                    },
                  ],
                  "type": "listItem",
                },
              ],
              "type": "bulletList",
            },
          ],
          "type": "listItem",
        },
        Object {
          "content": Array [
            Object {
              "content": Array [
                Object {
                  "text": "this is the last ele",
                  "type": "text",
                },
              ],
              "type": "paragraph",
            },
          ],
          "type": "listItem",
        },
      ],
      "type": "bulletList",
    },
  ],
  "type": "doc",
}
`;

exports[`paste.ts: paste tests on fullpage editor: ordered list 1`] = `
Object {
  "content": Array [
    Object {
      "content": Array [
        Object {
          "content": Array [
            Object {
              "content": Array [
                Object {
                  "text": "this is ele1",
                  "type": "text",
                },
              ],
              "type": "paragraph",
            },
          ],
          "type": "listItem",
        },
        Object {
          "content": Array [
            Object {
              "content": Array [
                Object {
                  "text": "this is a link ",
                  "type": "text",
                },
                Object {
                  "marks": Array [
                    Object {
                      "attrs": Object {
                        "__confluenceMetadata": null,
                        "href": "http://www.google.com",
                      },
                      "type": "link",
                    },
                  ],
                  "text": "www.google.com",
                  "type": "text",
                },
              ],
              "type": "paragraph",
            },
            Object {
              "content": Array [
                Object {
                  "content": Array [
                    Object {
                      "content": Array [
                        Object {
                          "text": "more elements with some ",
                          "type": "text",
                        },
                        Object {
                          "marks": Array [
                            Object {
                              "type": "strong",
                            },
                          ],
                          "text": "format",
                          "type": "text",
                        },
                      ],
                      "type": "paragraph",
                    },
                  ],
                  "type": "listItem",
                },
                Object {
                  "content": Array [
                    Object {
                      "content": Array [
                        Object {
                          "text": "some addition",
                          "type": "text",
                        },
                        Object {
                          "marks": Array [
                            Object {
                              "type": "em",
                            },
                          ],
                          "text": " formatting",
                          "type": "text",
                        },
                      ],
                      "type": "paragraph",
                    },
                  ],
                  "type": "listItem",
                },
              ],
              "type": "orderedList",
            },
          ],
          "type": "listItem",
        },
        Object {
          "content": Array [
            Object {
              "content": Array [
                Object {
                  "text": "last element",
                  "type": "text",
                },
              ],
              "type": "paragraph",
            },
          ],
          "type": "listItem",
        },
      ],
      "type": "orderedList",
    },
  ],
  "type": "doc",
}
`;

exports[`paste.ts: paste tests on fullpage editor: plain text 1`] = `
Object {
  "content": Array [
    Object {
      "content": Array [
        Object {
          "text": "This text is plain.",
          "type": "text",
        },
      ],
      "type": "paragraph",
    },
  ],
  "type": "doc",
}
`;

exports[`paste.ts: paste tests on fullpage editor: text formatting 1`] = `
Object {
  "content": Array [
    Object {
      "content": Array [
        Object {
          "marks": Array [
            Object {
              "type": "strong",
            },
          ],
          "text": "bold ",
          "type": "text",
        },
        Object {
          "marks": Array [
            Object {
              "type": "em",
            },
            Object {
              "type": "strong",
            },
          ],
          "text": "italics and bold ",
          "type": "text",
        },
        Object {
          "marks": Array [
            Object {
              "type": "em",
            },
          ],
          "text": "some italics only ",
          "type": "text",
        },
        Object {
          "marks": Array [
            Object {
              "type": "code",
            },
          ],
          "text": "add some code to this ",
          "type": "text",
        },
        Object {
          "marks": Array [
            Object {
              "type": "underline",
            },
          ],
          "text": "underline this text",
          "type": "text",
        },
        Object {
          "marks": Array [
            Object {
              "type": "strike",
            },
          ],
          "text": " strikethrough ",
          "type": "text",
        },
        Object {
          "marks": Array [
            Object {
              "attrs": Object {
                "color": "#00b8d9",
              },
              "type": "textColor",
            },
          ],
          "text": "blue is my fav color",
          "type": "text",
        },
        Object {
          "text": " ",
          "type": "text",
        },
        Object {
          "marks": Array [
            Object {
              "attrs": Object {
                "__confluenceMetadata": null,
                "href": "http://www.google.com",
              },
              "type": "link",
            },
          ],
          "text": "www.google.com",
          "type": "text",
        },
      ],
      "type": "paragraph",
    },
  ],
  "type": "doc",
}
`;
