// Jest Snapshot v1, https://goo.gl/fbAQLP

exports[`card: unlinking a card created from CMD + K should leave only url text 1`] = `
Object {
  "content": Array [
    Object {
      "content": Array [
        Object {
          "text": "https://product-fabric.atlassian.net/wiki/display/H/Home+opt-in+requests ",
          "type": "text",
        },
      ],
      "type": "paragraph",
    },
  ],
  "type": "doc",
}
`;
