// Jest Snapshot v1, https://goo.gl/fbAQLP

exports[`card: unlinking an Inline Link should replace it with text corresponding to the title of the previously linked page 1`] = `
Object {
  "content": Array [
    Object {
      "content": Array [
        Object {
          "text": "Welcome to Atlassian! ",
          "type": "text",
        },
      ],
      "type": "paragraph",
    },
  ],
  "type": "doc",
}
`;
