// Jest Snapshot v1, https://goo.gl/fbAQLP

exports[`Copy block with floating toolbar copy button 1`] = `
Object {
  "content": Array [
    Object {
      "attrs": Object {
        "panelColor": null,
        "panelIcon": null,
        "panelIconId": null,
        "panelIconText": null,
        "panelType": "info",
      },
      "content": Array [
        Object {
          "content": Array [
            Object {
              "text": "Lorem ipsum dolor sit amet, consectetur adipiscing elit. Aenean mi nisl, venenatis eget auctor vitae, venenatis quis lorem. Suspendisse maximus tortor vel dui tincidunt cursus. Vestibulum magna nibh, auctor non auctor id, finibus vitae orci. Nulla viverra ipsum et nunc fringilla ultricies. Pellentesque vitae felis molestie justo finibus accumsan. Suspendisse potenti. Nulla facilisi. Integer dignissim quis velit quis elementum. Sed sit amet varius ante. Duis vestibulum porta augue eu laoreet. Morbi id risus et augue sollicitudin aliquam. In et ligula dolor. Nam ac aliquet diam.",
              "type": "text",
            },
          ],
          "type": "paragraph",
        },
      ],
      "type": "panel",
    },
    Object {
      "attrs": Object {
        "panelColor": null,
        "panelIcon": null,
        "panelIconId": null,
        "panelIconText": null,
        "panelType": "info",
      },
      "content": Array [
        Object {
          "content": Array [
            Object {
              "text": "Lorem ipsum dolor sit amet, consectetur adipiscing elit. Aenean mi nisl, venenatis eget auctor vitae, venenatis quis lorem. Suspendisse maximus tortor vel dui tincidunt cursus. Vestibulum magna nibh, auctor non auctor id, finibus vitae orci. Nulla viverra ipsum et nunc fringilla ultricies. Pellentesque vitae felis molestie justo finibus accumsan. Suspendisse potenti. Nulla facilisi. Integer dignissim quis velit quis elementum. Sed sit amet varius ante. Duis vestibulum porta augue eu laoreet. Morbi id risus et augue sollicitudin aliquam. In et ligula dolor. Nam ac aliquet diam.",
              "type": "text",
            },
          ],
          "type": "paragraph",
        },
      ],
      "type": "panel",
    },
  ],
  "type": "doc",
}
`;
