// Jest Snapshot v1, https://goo.gl/fbAQLP

exports[`selection.ts: Writing inside the panel, selecting panel and typing should drop text in panel 1`] = `
Object {
  "content": Array [
    Object {
      "content": Array [
        Object {
          "text": "this text should be in doc root",
          "type": "text",
        },
      ],
      "type": "paragraph",
    },
  ],
  "type": "doc",
  "version": 1,
}
`;
