// Jest Snapshot v1, https://goo.gl/fbAQLP

exports[`layouts: Backspacing within a layout shouldnt remove all contents 1`] = `
Object {
  "content": Array [
    Object {
      "content": Array [
        Object {
          "attrs": Object {
            "width": 50,
          },
          "content": Array [
            Object {
              "content": Array [
                Object {
                  "content": Array [
                    Object {
                      "content": Array [
                        Object {
                          "text": "abc",
                          "type": "text",
                        },
                      ],
                      "type": "paragraph",
                    },
                  ],
                  "type": "listItem",
                },
                Object {
                  "content": Array [
                    Object {
                      "type": "paragraph",
                    },
                  ],
                  "type": "listItem",
                },
              ],
              "type": "bulletList",
            },
          ],
          "type": "layoutColumn",
        },
        Object {
          "attrs": Object {
            "width": 50,
          },
          "content": Array [
            Object {
              "type": "paragraph",
            },
          ],
          "type": "layoutColumn",
        },
      ],
      "type": "layoutSection",
    },
  ],
  "type": "doc",
}
`;
