// Jest Snapshot v1, https://goo.gl/fbAQLP

exports[`alignment: should be able to add alignment to headings 1`] = `
Object {
  "content": Array [
    Object {
      "attrs": Object {
        "level": 1,
      },
      "content": Array [
        Object {
          "text": "hello",
          "type": "text",
        },
      ],
      "marks": Array [
        Object {
          "attrs": Object {
            "align": "end",
          },
          "type": "alignment",
        },
      ],
      "type": "heading",
    },
  ],
  "type": "doc",
}
`;

exports[`alignment: should be able to add alignment to paragraphs 1`] = `
Object {
  "content": Array [
    Object {
      "content": Array [
        Object {
          "text": "hello",
          "type": "text",
        },
      ],
      "marks": Array [
        Object {
          "attrs": Object {
            "align": "end",
          },
          "type": "alignment",
        },
      ],
      "type": "paragraph",
    },
  ],
  "type": "doc",
}
`;

exports[`alignment: should be able to add alignment to selected cells 1`] = `
Object {
  "content": Array [
    Object {
      "attrs": Object {
        "__autoSize": false,
        "isNumberColumnEnabled": false,
        "layout": "default",
      },
      "content": Array [
        Object {
          "content": Array [
            Object {
              "attrs": Object {
                "background": null,
                "colspan": 1,
                "colwidth": null,
                "rowspan": 1,
              },
              "content": Array [
                Object {
                  "marks": Array [
                    Object {
                      "attrs": Object {
                        "align": "end",
                      },
                      "type": "alignment",
                    },
                  ],
                  "type": "paragraph",
                },
              ],
              "type": "tableHeader",
            },
            Object {
              "attrs": Object {
                "background": null,
                "colspan": 1,
                "colwidth": null,
                "rowspan": 1,
              },
              "content": Array [
                Object {
                  "type": "paragraph",
                },
              ],
              "type": "tableHeader",
            },
            Object {
              "attrs": Object {
                "background": null,
                "colspan": 1,
                "colwidth": null,
                "rowspan": 1,
              },
              "content": Array [
                Object {
                  "type": "paragraph",
                },
              ],
              "type": "tableHeader",
            },
          ],
          "type": "tableRow",
        },
        Object {
          "content": Array [
            Object {
              "attrs": Object {
                "background": null,
                "colspan": 1,
                "colwidth": null,
                "rowspan": 1,
              },
              "content": Array [
                Object {
                  "marks": Array [
                    Object {
                      "attrs": Object {
                        "align": "end",
                      },
                      "type": "alignment",
                    },
                  ],
                  "type": "paragraph",
                },
              ],
              "type": "tableCell",
            },
            Object {
              "attrs": Object {
                "background": null,
                "colspan": 1,
                "colwidth": null,
                "rowspan": 1,
              },
              "content": Array [
                Object {
                  "type": "paragraph",
                },
              ],
              "type": "tableCell",
            },
            Object {
              "attrs": Object {
                "background": null,
                "colspan": 1,
                "colwidth": null,
                "rowspan": 1,
              },
              "content": Array [
                Object {
                  "type": "paragraph",
                },
              ],
              "type": "tableCell",
            },
          ],
          "type": "tableRow",
        },
        Object {
          "content": Array [
            Object {
              "attrs": Object {
                "background": null,
                "colspan": 1,
                "colwidth": null,
                "rowspan": 1,
              },
              "content": Array [
                Object {
                  "marks": Array [
                    Object {
                      "attrs": Object {
                        "align": "end",
                      },
                      "type": "alignment",
                    },
                  ],
                  "type": "paragraph",
                },
              ],
              "type": "tableCell",
            },
            Object {
              "attrs": Object {
                "background": null,
                "colspan": 1,
                "colwidth": null,
                "rowspan": 1,
              },
              "content": Array [
                Object {
                  "type": "paragraph",
                },
              ],
              "type": "tableCell",
            },
            Object {
              "attrs": Object {
                "background": null,
                "colspan": 1,
                "colwidth": null,
                "rowspan": 1,
              },
              "content": Array [
                Object {
                  "type": "paragraph",
                },
              ],
              "type": "tableCell",
            },
          ],
          "type": "tableRow",
        },
      ],
      "type": "table",
    },
  ],
  "type": "doc",
}
`;

exports[`alignment: should maintain alignment when hit return 1`] = `
Object {
  "content": Array [
    Object {
      "content": Array [
        Object {
          "text": "this is right",
          "type": "text",
        },
      ],
      "marks": Array [
        Object {
          "attrs": Object {
            "align": "end",
          },
          "type": "alignment",
        },
      ],
      "type": "paragraph",
    },
    Object {
      "content": Array [
        Object {
          "text": "this is still right",
          "type": "text",
        },
      ],
      "marks": Array [
        Object {
          "attrs": Object {
            "align": "end",
          },
          "type": "alignment",
        },
      ],
      "type": "paragraph",
    },
  ],
  "type": "doc",
}
`;
