// Jest Snapshot v1, https://goo.gl/fbAQLP

exports[`card: should switch to inline mode with proper cursor position 1`] = `
Object {
  "content": Array [
    Object {
      "content": Array [
        Object {
          "text": " ",
          "type": "text",
        },
      ],
      "type": "paragraph",
    },
    Object {
      "content": Array [
        Object {
          "attrs": Object {
            "data": Object {
              "@context": "https://www.w3.org/ns/activitystreams",
              "@type": "Document",
              "generator": Object {
                "icon": "https://wac-cdn.atlassian.com/assets/img/favicons/atlassian/favicon.png",
              },
              "name": "Welcome to Atlassian!",
              "url": "http://www.atlassian.com",
            },
            "url": null,
          },
          "type": "inlineCard",
        },
      ],
      "type": "paragraph",
    },
    Object {
      "content": Array [
        Object {
          "text": " ",
          "type": "text",
        },
      ],
      "type": "paragraph",
    },
    Object {
      "content": Array [
        Object {
          "text": " ",
          "type": "text",
        },
      ],
      "type": "paragraph",
    },
  ],
  "type": "doc",
}
`;
