// Jest Snapshot v1, https://goo.gl/fbAQLP

exports[`card: should lazy render cards after scrolling down, requesting data in the background (with prefetching) 1`] = `
Object {
  "content": Array [
    Object {
      "content": Array [
        Object {
          "attrs": Object {
            "data": null,
            "url": "https://inlineCardTestUrl",
          },
          "type": "inlineCard",
        },
        Object {
          "text": " ",
          "type": "text",
        },
      ],
      "type": "paragraph",
    },
    Object {
      "type": "paragraph",
    },
    Object {
      "type": "paragraph",
    },
    Object {
      "type": "paragraph",
    },
    Object {
      "type": "paragraph",
    },
    Object {
      "type": "paragraph",
    },
    Object {
      "type": "paragraph",
    },
    Object {
      "type": "paragraph",
    },
    Object {
      "type": "paragraph",
    },
    Object {
      "type": "paragraph",
    },
    Object {
      "type": "paragraph",
    },
    Object {
      "type": "paragraph",
    },
    Object {
      "type": "paragraph",
    },
    Object {
      "type": "paragraph",
    },
    Object {
      "type": "paragraph",
    },
    Object {
      "type": "paragraph",
    },
    Object {
      "type": "paragraph",
    },
    Object {
      "type": "paragraph",
    },
    Object {
      "type": "paragraph",
    },
    Object {
      "type": "paragraph",
    },
    Object {
      "type": "paragraph",
    },
    Object {
      "type": "paragraph",
    },
    Object {
      "type": "paragraph",
    },
    Object {
      "type": "paragraph",
    },
    Object {
      "type": "paragraph",
    },
    Object {
      "type": "paragraph",
    },
    Object {
      "type": "paragraph",
    },
    Object {
      "type": "paragraph",
    },
    Object {
      "type": "paragraph",
    },
    Object {
      "type": "paragraph",
    },
    Object {
      "type": "paragraph",
    },
    Object {
      "type": "paragraph",
    },
    Object {
      "type": "paragraph",
    },
    Object {
      "type": "paragraph",
    },
    Object {
      "type": "paragraph",
    },
    Object {
      "type": "paragraph",
    },
    Object {
      "type": "paragraph",
    },
    Object {
      "type": "paragraph",
    },
    Object {
      "type": "paragraph",
    },
    Object {
      "type": "paragraph",
    },
    Object {
      "type": "paragraph",
    },
    Object {
      "type": "paragraph",
    },
    Object {
      "type": "paragraph",
    },
    Object {
      "type": "paragraph",
    },
    Object {
      "type": "paragraph",
    },
    Object {
      "type": "paragraph",
    },
    Object {
      "type": "paragraph",
    },
    Object {
      "type": "paragraph",
    },
    Object {
      "type": "paragraph",
    },
    Object {
      "type": "paragraph",
    },
    Object {
      "type": "paragraph",
    },
    Object {
      "type": "paragraph",
    },
    Object {
      "type": "paragraph",
    },
    Object {
      "type": "paragraph",
    },
    Object {
      "type": "paragraph",
    },
    Object {
      "type": "paragraph",
    },
    Object {
      "type": "paragraph",
    },
    Object {
      "type": "paragraph",
    },
    Object {
      "type": "paragraph",
    },
    Object {
      "type": "paragraph",
    },
    Object {
      "type": "paragraph",
    },
    Object {
      "type": "paragraph",
    },
    Object {
      "type": "paragraph",
    },
    Object {
      "type": "paragraph",
    },
    Object {
      "type": "paragraph",
    },
    Object {
      "type": "paragraph",
    },
    Object {
      "type": "paragraph",
    },
    Object {
      "type": "paragraph",
    },
    Object {
      "type": "paragraph",
    },
    Object {
      "type": "paragraph",
    },
    Object {
      "type": "paragraph",
    },
    Object {
      "type": "paragraph",
    },
    Object {
      "type": "paragraph",
    },
    Object {
      "type": "paragraph",
    },
    Object {
      "type": "paragraph",
    },
    Object {
      "type": "paragraph",
    },
    Object {
      "type": "paragraph",
    },
    Object {
      "type": "paragraph",
    },
    Object {
      "type": "paragraph",
    },
    Object {
      "type": "paragraph",
    },
    Object {
      "type": "paragraph",
    },
    Object {
      "type": "paragraph",
    },
    Object {
      "type": "paragraph",
    },
    Object {
      "type": "paragraph",
    },
    Object {
      "type": "paragraph",
    },
    Object {
      "type": "paragraph",
    },
    Object {
      "type": "paragraph",
    },
    Object {
      "type": "paragraph",
    },
    Object {
      "type": "paragraph",
    },
    Object {
      "type": "paragraph",
    },
    Object {
      "type": "paragraph",
    },
    Object {
      "type": "paragraph",
    },
    Object {
      "type": "paragraph",
    },
    Object {
      "type": "paragraph",
    },
    Object {
      "type": "paragraph",
    },
    Object {
      "type": "paragraph",
    },
    Object {
      "type": "paragraph",
    },
    Object {
      "type": "paragraph",
    },
    Object {
      "attrs": Object {
        "__autoSize": false,
        "isNumberColumnEnabled": false,
        "layout": "wide",
      },
      "content": Array [
        Object {
          "content": Array [
            Object {
              "attrs": Object {
                "background": null,
                "colspan": 1,
                "colwidth": null,
                "rowspan": 1,
              },
              "content": Array [
                Object {
                  "content": Array [
                    Object {
                      "text": "Column 1",
                      "type": "text",
                    },
                  ],
                  "type": "paragraph",
                },
              ],
              "type": "tableHeader",
            },
            Object {
              "attrs": Object {
                "background": null,
                "colspan": 1,
                "colwidth": null,
                "rowspan": 1,
              },
              "content": Array [
                Object {
                  "content": Array [
                    Object {
                      "text": "Column 2",
                      "type": "text",
                    },
                  ],
                  "type": "paragraph",
                },
              ],
              "type": "tableHeader",
            },
            Object {
              "attrs": Object {
                "background": null,
                "colspan": 1,
                "colwidth": null,
                "rowspan": 1,
              },
              "content": Array [
                Object {
                  "content": Array [
                    Object {
                      "text": "Column 3",
                      "type": "text",
                    },
                  ],
                  "type": "paragraph",
                },
              ],
              "type": "tableHeader",
            },
            Object {
              "attrs": Object {
                "background": null,
                "colspan": 1,
                "colwidth": null,
                "rowspan": 1,
              },
              "content": Array [
                Object {
                  "content": Array [
                    Object {
                      "text": "Column 4",
                      "type": "text",
                    },
                  ],
                  "type": "paragraph",
                },
              ],
              "type": "tableHeader",
            },
          ],
          "type": "tableRow",
        },
        Object {
          "content": Array [
            Object {
              "attrs": Object {
                "background": null,
                "colspan": 1,
                "colwidth": null,
                "rowspan": 1,
              },
              "content": Array [
                Object {
                  "content": Array [
                    Object {
                      "content": Array [
                        Object {
                          "content": Array [
                            Object {
                              "attrs": Object {
                                "data": null,
                                "url": "https://inlineCardTestUrl/1",
                              },
                              "type": "inlineCard",
                            },
                          ],
                          "type": "paragraph",
                        },
                      ],
                      "type": "listItem",
                    },
                    Object {
                      "content": Array [
                        Object {
                          "content": Array [
                            Object {
                              "attrs": Object {
                                "data": null,
                                "url": "https://inlineCardTestUrl/2",
                              },
                              "type": "inlineCard",
                            },
                          ],
                          "type": "paragraph",
                        },
                      ],
                      "type": "listItem",
                    },
                  ],
                  "type": "bulletList",
                },
              ],
              "type": "tableCell",
            },
            Object {
              "attrs": Object {
                "background": null,
                "colspan": 1,
                "colwidth": null,
                "rowspan": 1,
              },
              "content": Array [
                Object {
                  "content": Array [
                    Object {
                      "attrs": Object {
                        "data": null,
                        "url": "https://inlineCardTestUrl/3",
                      },
                      "type": "inlineCard",
                    },
                  ],
                  "type": "paragraph",
                },
              ],
              "type": "tableCell",
            },
            Object {
              "attrs": Object {
                "background": null,
                "colspan": 1,
                "colwidth": null,
                "rowspan": 1,
              },
              "content": Array [
                Object {
                  "content": Array [
                    Object {
                      "attrs": Object {
                        "data": null,
                        "url": "https://inlineCardTestUrl/4",
                      },
                      "type": "inlineCard",
                    },
                  ],
                  "type": "paragraph",
                },
              ],
              "type": "tableCell",
            },
            Object {
              "attrs": Object {
                "background": null,
                "colspan": 1,
                "colwidth": null,
                "rowspan": 1,
              },
              "content": Array [
                Object {
                  "content": Array [
                    Object {
                      "attrs": Object {
                        "data": null,
                        "url": "https://inlineCardTestUrl/5",
                      },
                      "type": "inlineCard",
                    },
                  ],
                  "type": "paragraph",
                },
              ],
              "type": "tableCell",
            },
          ],
          "type": "tableRow",
        },
      ],
      "type": "table",
    },
    Object {
      "content": Array [
        Object {
          "attrs": Object {
            "data": null,
            "url": "https://inlineCardTestUrl/6",
          },
          "type": "inlineCard",
        },
        Object {
          "text": " ",
          "type": "text",
        },
      ],
      "type": "paragraph",
    },
  ],
  "type": "doc",
}
`;
