// Jest Snapshot v1, https://goo.gl/fbAQLP

exports[`card: embed card should render as block card if preview missing 1`] = `
Object {
  "content": Array [
    Object {
      "content": Array [
        Object {
          "text": " ",
          "type": "text",
        },
      ],
      "type": "paragraph",
    },
    Object {
      "attrs": Object {
        "layout": "center",
        "originalHeight": null,
        "originalWidth": null,
        "url": "https://embedCardTestUrl/fallback",
        "width": 100,
      },
      "type": "embedCard",
    },
  ],
  "type": "doc",
}
`;
