// Jest Snapshot v1, https://goo.gl/fbAQLP

exports[`card: changing the link URL of an embed link to an unsupported url should convert it to a "dumb" link 1`] = `
Object {
  "content": Array [
    Object {
      "type": "paragraph",
    },
    Object {
      "content": Array [
        Object {
          "attrs": Object {
            "data": Object {
              "@context": "https://www.w3.org/ns/activitystreams",
              "@type": "Document",
              "name": "https://product-fabric.atlassian.net/wiki/spaces/E/overview",
              "url": "https://product-fabric.atlassian.net/wiki/spaces/E/overview",
            },
            "url": null,
          },
          "type": "inlineCard",
        },
        Object {
          "text": " ",
          "type": "text",
        },
      ],
      "type": "paragraph",
    },
    Object {
      "type": "paragraph",
    },
  ],
  "type": "doc",
}
`;
