// Jest Snapshot v1, https://goo.gl/fbAQLP

exports[`quick-insert-mediaSingle.ts: Inserts a media single after paragraph nested in a panel 1`] = `
Object {
  "content": Array [
    Object {
      "attrs": Object {
        "panelType": "info",
      },
      "content": Array [
        Object {
          "content": Array [
            Object {
              "text": "some text ",
              "type": "text",
            },
          ],
          "type": "paragraph",
        },
      ],
      "type": "panel",
    },
    Object {
      "attrs": Object {
        "layout": "center",
        "width": null,
      },
      "content": Array [
        Object {
          "attrs": Object {
            "__contextId": "DUMMY-OBJECT-ID",
            "__displayType": null,
            "__external": false,
            "__fileMimeType": "image/svg+xml",
            "__fileName": "example.png",
            "__fileSize": 235,
            "alt": null,
            "collection": "MediaServicesSample",
            "height": 4096,
            "id": "1234-5678-abcd-efgh",
            "occurrenceKey": null,
            "type": "file",
            "url": null,
            "width": 4096,
          },
          "type": "media",
        },
      ],
      "type": "mediaSingle",
    },
  ],
  "type": "doc",
}
`;

exports[`quick-insert-mediaSingle.ts: Inserts media single after paragraph 1`] = `
Object {
  "content": Array [
    Object {
      "content": Array [
        Object {
          "text": "some text ",
          "type": "text",
        },
      ],
      "type": "paragraph",
    },
    Object {
      "attrs": Object {
        "layout": "center",
        "width": null,
      },
      "content": Array [
        Object {
          "attrs": Object {
            "__contextId": "DUMMY-OBJECT-ID",
            "__displayType": null,
            "__external": false,
            "__fileMimeType": "image/svg+xml",
            "__fileName": "example.png",
            "__fileSize": 235,
            "alt": null,
            "collection": "MediaServicesSample",
            "height": 4096,
            "id": "1234-5678-abcd-efgh",
            "occurrenceKey": null,
            "type": "file",
            "url": null,
            "width": 4096,
          },
          "type": "media",
        },
      ],
      "type": "mediaSingle",
    },
  ],
  "type": "doc",
}
`;

exports[`quick-insert-mediaSingle.ts: Inserts media single before paragraph 1`] = `
Object {
  "content": Array [
    Object {
      "attrs": Object {
        "layout": "center",
        "width": null,
      },
      "content": Array [
        Object {
          "attrs": Object {
            "__contextId": "DUMMY-OBJECT-ID",
            "__displayType": null,
            "__external": false,
            "__fileMimeType": "image/svg+xml",
            "__fileName": "example.png",
            "__fileSize": 235,
            "alt": null,
            "collection": "MediaServicesSample",
            "height": 4096,
            "id": "1234-5678-abcd-efgh",
            "occurrenceKey": null,
            "type": "file",
            "url": null,
            "width": 4096,
          },
          "type": "media",
        },
      ],
      "type": "mediaSingle",
    },
    Object {
      "content": Array [
        Object {
          "text": "some text",
          "type": "text",
        },
      ],
      "type": "paragraph",
    },
  ],
  "type": "doc",
}
`;

exports[`quick-insert-mediaSingle.ts: Inserts media single before paragraph nested in a panel 1`] = `
Object {
  "content": Array [
    Object {
      "attrs": Object {
        "layout": "center",
        "width": null,
      },
      "content": Array [
        Object {
          "attrs": Object {
            "__contextId": "DUMMY-OBJECT-ID",
            "__displayType": null,
            "__external": false,
            "__fileMimeType": "image/svg+xml",
            "__fileName": "example.png",
            "__fileSize": 235,
            "alt": null,
            "collection": "MediaServicesSample",
            "height": 4096,
            "id": "1234-5678-abcd-efgh",
            "occurrenceKey": null,
            "type": "file",
            "url": null,
            "width": 4096,
          },
          "type": "media",
        },
      ],
      "type": "mediaSingle",
    },
    Object {
      "attrs": Object {
        "panelType": "info",
      },
      "content": Array [
        Object {
          "content": Array [
            Object {
              "text": "some text",
              "type": "text",
            },
          ],
          "type": "paragraph",
        },
      ],
      "type": "panel",
    },
  ],
  "type": "doc",
}
`;
