// Jest Snapshot v1, https://goo.gl/fbAQLP

exports[`Copy block with floating toolbar copy button 1`] = `
Object {
  "content": Array [
    Object {
      "content": Array [
        Object {
          "text": " ",
          "type": "text",
        },
      ],
      "type": "paragraph",
    },
    Object {
      "attrs": Object {
        "data": Object {
          "@context": "https://www.w3.org/ns/activitystreams",
          "@type": "Document",
          "generator": Object {
            "icon": "https://wac-cdn.atlassian.com/assets/img/favicons/atlassian/favicon.png",
          },
          "name": "Welcome to Atlassian!",
          "url": "http://www.atlassian.com",
        },
        "datasource": null,
        "layout": null,
        "url": null,
        "width": null,
      },
      "type": "blockCard",
    },
    Object {
      "attrs": Object {
        "data": Object {
          "@context": "https://www.w3.org/ns/activitystreams",
          "@type": "Document",
          "generator": Object {
            "icon": "https://wac-cdn.atlassian.com/assets/img/favicons/atlassian/favicon.png",
          },
          "name": "Welcome to Atlassian!",
          "url": "http://www.atlassian.com",
        },
        "datasource": null,
        "layout": null,
        "url": null,
        "width": null,
      },
      "type": "blockCard",
    },
  ],
  "type": "doc",
}
`;
