// Jest Snapshot v1, https://goo.gl/fbAQLP

exports[`card: inserting a link with CMD + K with click should retain display text and insert a blue link 1`] = `
Object {
  "content": Array [
    Object {
      "content": Array [
        Object {
          "text": "This",
          "type": "text",
        },
      ],
      "type": "paragraph",
    },
    Object {
      "content": Array [
        Object {
          "text": "is",
          "type": "text",
        },
      ],
      "type": "paragraph",
    },
    Object {
      "content": Array [
        Object {
          "text": "my",
          "type": "text",
        },
      ],
      "type": "paragraph",
    },
    Object {
      "content": Array [
        Object {
          "text": "page",
          "type": "text",
        },
      ],
      "type": "paragraph",
    },
    Object {
      "content": Array [
        Object {
          "text": "with",
          "type": "text",
        },
      ],
      "type": "paragraph",
    },
    Object {
      "content": Array [
        Object {
          "text": "lots",
          "type": "text",
        },
      ],
      "type": "paragraph",
    },
    Object {
      "content": Array [
        Object {
          "text": "of",
          "type": "text",
        },
      ],
      "type": "paragraph",
    },
    Object {
      "content": Array [
        Object {
          "text": "content",
          "type": "text",
        },
      ],
      "type": "paragraph",
    },
    Object {
      "content": Array [
        Object {
          "text": "because",
          "type": "text",
        },
      ],
      "type": "paragraph",
    },
    Object {
      "content": Array [
        Object {
          "text": "I",
          "type": "text",
        },
      ],
      "type": "paragraph",
    },
    Object {
      "content": Array [
        Object {
          "text": "need",
          "type": "text",
        },
      ],
      "type": "paragraph",
    },
    Object {
      "content": Array [
        Object {
          "text": "to",
          "type": "text",
        },
      ],
      "type": "paragraph",
    },
    Object {
      "content": Array [
        Object {
          "text": "test",
          "type": "text",
        },
      ],
      "type": "paragraph",
    },
    Object {
      "content": Array [
        Object {
          "text": "in",
          "type": "text",
        },
      ],
      "type": "paragraph",
    },
    Object {
      "content": Array [
        Object {
          "text": "an",
          "type": "text",
        },
      ],
      "type": "paragraph",
    },
    Object {
      "content": Array [
        Object {
          "text": "editor",
          "type": "text",
        },
      ],
      "type": "paragraph",
    },
    Object {
      "content": Array [
        Object {
          "text": "with",
          "type": "text",
        },
      ],
      "type": "paragraph",
    },
    Object {
      "content": Array [
        Object {
          "text": "lots",
          "type": "text",
        },
      ],
      "type": "paragraph",
    },
    Object {
      "content": Array [
        Object {
          "text": "of",
          "type": "text",
        },
      ],
      "type": "paragraph",
    },
    Object {
      "content": Array [
        Object {
          "text": "content",
          "type": "text",
        },
      ],
      "type": "paragraph",
    },
    Object {
      "content": Array [
        Object {
          "marks": Array [
            Object {
              "attrs": Object {
                "__confluenceMetadata": null,
                "href": "https://product-fabric.atlassian.net/wiki/display/H/Home+opt-in+requests",
              },
              "type": "link",
            },
          ],
          "text": "Go hard or go home",
          "type": "text",
        },
      ],
      "type": "paragraph",
    },
  ],
  "type": "doc",
}
`;
