// Jest Snapshot v1, https://goo.gl/fbAQLP

exports[`change-date-inside-table.ts: Change date inside table 1`] = `
Object {
  "content": Array [
    Object {
      "attrs": Object {
        "__autoSize": false,
        "isNumberColumnEnabled": false,
        "layout": "default",
      },
      "content": Array [
        Object {
          "content": Array [
            Object {
              "attrs": Object {
                "background": null,
                "colspan": 1,
                "colwidth": null,
                "rowspan": 1,
              },
              "content": Array [
                Object {
                  "content": Array [
                    Object {
                      "attrs": Object {
                        "timestamp": "1502928000000",
                      },
                      "type": "date",
                    },
                    Object {
                      "text": " ",
                      "type": "text",
                    },
                  ],
                  "type": "paragraph",
                },
              ],
              "type": "tableHeader",
            },
            Object {
              "attrs": Object {
                "background": null,
                "colspan": 1,
                "colwidth": null,
                "rowspan": 1,
              },
              "content": Array [
                Object {
                  "type": "paragraph",
                },
              ],
              "type": "tableHeader",
            },
            Object {
              "attrs": Object {
                "background": null,
                "colspan": 1,
                "colwidth": null,
                "rowspan": 1,
              },
              "content": Array [
                Object {
                  "type": "paragraph",
                },
              ],
              "type": "tableHeader",
            },
          ],
          "type": "tableRow",
        },
        Object {
          "content": Array [
            Object {
              "attrs": Object {
                "background": null,
                "colspan": 1,
                "colwidth": null,
                "rowspan": 1,
              },
              "content": Array [
                Object {
                  "type": "paragraph",
                },
              ],
              "type": "tableCell",
            },
            Object {
              "attrs": Object {
                "background": null,
                "colspan": 1,
                "colwidth": null,
                "rowspan": 1,
              },
              "content": Array [
                Object {
                  "type": "paragraph",
                },
              ],
              "type": "tableCell",
            },
            Object {
              "attrs": Object {
                "background": null,
                "colspan": 1,
                "colwidth": null,
                "rowspan": 1,
              },
              "content": Array [
                Object {
                  "type": "paragraph",
                },
              ],
              "type": "tableCell",
            },
          ],
          "type": "tableRow",
        },
        Object {
          "content": Array [
            Object {
              "attrs": Object {
                "background": null,
                "colspan": 1,
                "colwidth": null,
                "rowspan": 1,
              },
              "content": Array [
                Object {
                  "type": "paragraph",
                },
              ],
              "type": "tableCell",
            },
            Object {
              "attrs": Object {
                "background": null,
                "colspan": 1,
                "colwidth": null,
                "rowspan": 1,
              },
              "content": Array [
                Object {
                  "type": "paragraph",
                },
              ],
              "type": "tableCell",
            },
            Object {
              "attrs": Object {
                "background": null,
                "colspan": 1,
                "colwidth": null,
                "rowspan": 1,
              },
              "content": Array [
                Object {
                  "type": "paragraph",
                },
              ],
              "type": "tableCell",
            },
          ],
          "type": "tableRow",
        },
      ],
      "type": "table",
    },
  ],
  "type": "doc",
}
`;
