// Jest Snapshot v1, https://goo.gl/fbAQLP

exports[`Should delete a row when table is nested inside bodied extension 1`] = `
Object {
  "content": Array [
    Object {
      "attrs": Object {
        "extensionKey": "bodied-eh",
        "extensionType": "com.atlassian.confluence.macro.core",
        "layout": "default",
        "parameters": Object {
          "macroMetadata": Object {
            "placeholder": Array [
              Object {
                "data": Object {
                  "url": "",
                },
                "type": "icon",
              },
            ],
          },
          "macroParams": Object {},
        },
        "text": null,
      },
      "content": Array [
        Object {
          "attrs": Object {
            "__autoSize": false,
            "isNumberColumnEnabled": false,
            "layout": "default",
          },
          "content": Array [
            Object {
              "content": Array [
                Object {
                  "attrs": Object {
                    "background": null,
                    "colspan": 1,
                    "colwidth": Array [
                      242,
                    ],
                    "rowspan": 1,
                  },
                  "content": Array [
                    Object {
                      "type": "paragraph",
                    },
                  ],
                  "type": "tableCell",
                },
                Object {
                  "attrs": Object {
                    "background": null,
                    "colspan": 1,
                    "colwidth": Array [
                      308,
                    ],
                    "rowspan": 1,
                  },
                  "content": Array [
                    Object {
                      "type": "paragraph",
                    },
                  ],
                  "type": "tableCell",
                },
                Object {
                  "attrs": Object {
                    "background": null,
                    "colspan": 1,
                    "colwidth": Array [
                      176,
                    ],
                    "rowspan": 1,
                  },
                  "content": Array [
                    Object {
                      "type": "paragraph",
                    },
                  ],
                  "type": "tableCell",
                },
              ],
              "type": "tableRow",
            },
            Object {
              "content": Array [
                Object {
                  "attrs": Object {
                    "background": null,
                    "colspan": 1,
                    "colwidth": Array [
                      242,
                    ],
                    "rowspan": 1,
                  },
                  "content": Array [
                    Object {
                      "type": "paragraph",
                    },
                  ],
                  "type": "tableCell",
                },
                Object {
                  "attrs": Object {
                    "background": null,
                    "colspan": 1,
                    "colwidth": Array [
                      308,
                    ],
                    "rowspan": 1,
                  },
                  "content": Array [
                    Object {
                      "type": "paragraph",
                    },
                  ],
                  "type": "tableCell",
                },
                Object {
                  "attrs": Object {
                    "background": null,
                    "colspan": 1,
                    "colwidth": Array [
                      176,
                    ],
                    "rowspan": 1,
                  },
                  "content": Array [
                    Object {
                      "type": "paragraph",
                    },
                  ],
                  "type": "tableCell",
                },
              ],
              "type": "tableRow",
            },
          ],
          "type": "table",
        },
      ],
      "type": "bodiedExtension",
    },
  ],
  "type": "doc",
}
`;

exports[`Should delete merged rows from contextual menu and append missing cells to the table 1`] = `
Object {
  "content": Array [
    Object {
      "attrs": Object {
        "__autoSize": false,
        "isNumberColumnEnabled": false,
        "layout": "default",
      },
      "content": Array [
        Object {
          "content": Array [
            Object {
              "attrs": Object {
                "background": "#ffffff",
                "colspan": 1,
                "colwidth": Array [
                  151,
                ],
                "rowspan": 1,
              },
              "content": Array [
                Object {
                  "content": Array [
                    Object {
                      "text": "1",
                      "type": "text",
                    },
                  ],
                  "type": "paragraph",
                },
              ],
              "type": "tableHeader",
            },
            Object {
              "attrs": Object {
                "background": "#deebff",
                "colspan": 1,
                "colwidth": Array [
                  98,
                ],
                "rowspan": 1,
              },
              "content": Array [
                Object {
                  "content": Array [
                    Object {
                      "text": "2",
                      "type": "text",
                    },
                  ],
                  "type": "paragraph",
                },
              ],
              "type": "tableHeader",
            },
            Object {
              "attrs": Object {
                "background": "#e6fcff",
                "colspan": 1,
                "colwidth": Array [
                  275,
                ],
                "rowspan": 1,
              },
              "content": Array [
                Object {
                  "content": Array [
                    Object {
                      "text": "3",
                      "type": "text",
                    },
                  ],
                  "type": "paragraph",
                },
              ],
              "type": "tableHeader",
            },
            Object {
              "attrs": Object {
                "background": "#eae6ff",
                "colspan": 1,
                "colwidth": Array [
                  83,
                ],
                "rowspan": 1,
              },
              "content": Array [
                Object {
                  "content": Array [
                    Object {
                      "text": "4",
                      "type": "text",
                    },
                  ],
                  "type": "paragraph",
                },
              ],
              "type": "tableHeader",
            },
            Object {
              "attrs": Object {
                "background": "#ffffff",
                "colspan": 1,
                "colwidth": Array [
                  152,
                ],
                "rowspan": 1,
              },
              "content": Array [
                Object {
                  "content": Array [
                    Object {
                      "text": "5",
                      "type": "text",
                    },
                  ],
                  "type": "paragraph",
                },
              ],
              "type": "tableHeader",
            },
          ],
          "type": "tableRow",
        },
        Object {
          "content": Array [
            Object {
              "attrs": Object {
                "background": "#ffebe6",
                "colspan": 1,
                "colwidth": Array [
                  151,
                ],
                "rowspan": 1,
              },
              "content": Array [
                Object {
                  "content": Array [
                    Object {
                      "text": "3",
                      "type": "text",
                    },
                  ],
                  "type": "paragraph",
                },
              ],
              "type": "tableCell",
            },
            Object {
              "attrs": Object {
                "background": "#fffae6",
                "colspan": 1,
                "colwidth": Array [
                  98,
                ],
                "rowspan": 1,
              },
              "content": Array [
                Object {
                  "type": "paragraph",
                },
              ],
              "type": "tableCell",
            },
            Object {
              "attrs": Object {
                "background": "#fffae6",
                "colspan": 1,
                "colwidth": Array [
                  275,
                ],
                "rowspan": 1,
              },
              "content": Array [
                Object {
                  "type": "paragraph",
                },
              ],
              "type": "tableCell",
            },
            Object {
              "attrs": Object {
                "background": "#fffae6",
                "colspan": 1,
                "colwidth": Array [
                  83,
                ],
                "rowspan": 1,
              },
              "content": Array [
                Object {
                  "type": "paragraph",
                },
              ],
              "type": "tableCell",
            },
            Object {
              "attrs": Object {
                "background": "#ffebe6",
                "colspan": 1,
                "colwidth": Array [
                  152,
                ],
                "rowspan": 1,
              },
              "content": Array [
                Object {
                  "content": Array [
                    Object {
                      "text": "3",
                      "type": "text",
                    },
                  ],
                  "type": "paragraph",
                },
              ],
              "type": "tableCell",
            },
          ],
          "type": "tableRow",
        },
        Object {
          "content": Array [
            Object {
              "attrs": Object {
                "background": "#e3fcef",
                "colspan": 1,
                "colwidth": Array [
                  151,
                ],
                "rowspan": 1,
              },
              "content": Array [
                Object {
                  "content": Array [
                    Object {
                      "text": "4",
                      "type": "text",
                    },
                  ],
                  "type": "paragraph",
                },
              ],
              "type": "tableCell",
            },
            Object {
              "attrs": Object {
                "background": "#fffae6",
                "colspan": 1,
                "colwidth": Array [
                  98,
                ],
                "rowspan": 1,
              },
              "content": Array [
                Object {
                  "type": "paragraph",
                },
              ],
              "type": "tableCell",
            },
            Object {
              "attrs": Object {
                "background": "#fffae6",
                "colspan": 1,
                "colwidth": Array [
                  275,
                ],
                "rowspan": 1,
              },
              "content": Array [
                Object {
                  "type": "paragraph",
                },
              ],
              "type": "tableCell",
            },
            Object {
              "attrs": Object {
                "background": "#fffae6",
                "colspan": 1,
                "colwidth": Array [
                  83,
                ],
                "rowspan": 1,
              },
              "content": Array [
                Object {
                  "type": "paragraph",
                },
              ],
              "type": "tableCell",
            },
            Object {
              "attrs": Object {
                "background": "#e3fcef",
                "colspan": 1,
                "colwidth": Array [
                  152,
                ],
                "rowspan": 1,
              },
              "content": Array [
                Object {
                  "content": Array [
                    Object {
                      "text": "4",
                      "type": "text",
                    },
                  ],
                  "type": "paragraph",
                },
              ],
              "type": "tableCell",
            },
          ],
          "type": "tableRow",
        },
        Object {
          "content": Array [
            Object {
              "attrs": Object {
                "background": "#ffffff",
                "colspan": 1,
                "colwidth": Array [
                  151,
                ],
                "rowspan": 1,
              },
              "content": Array [
                Object {
                  "content": Array [
                    Object {
                      "text": "5",
                      "type": "text",
                    },
                  ],
                  "type": "paragraph",
                },
              ],
              "type": "tableCell",
            },
            Object {
              "attrs": Object {
                "background": "#deebff",
                "colspan": 1,
                "colwidth": Array [
                  98,
                ],
                "rowspan": 1,
              },
              "content": Array [
                Object {
                  "content": Array [
                    Object {
                      "text": "2",
                      "type": "text",
                    },
                  ],
                  "type": "paragraph",
                },
              ],
              "type": "tableCell",
            },
            Object {
              "attrs": Object {
                "background": "#e6fcff",
                "colspan": 1,
                "colwidth": Array [
                  275,
                ],
                "rowspan": 1,
              },
              "content": Array [
                Object {
                  "content": Array [
                    Object {
                      "text": "3",
                      "type": "text",
                    },
                  ],
                  "type": "paragraph",
                },
              ],
              "type": "tableCell",
            },
            Object {
              "attrs": Object {
                "background": "#eae6ff",
                "colspan": 1,
                "colwidth": Array [
                  83,
                ],
                "rowspan": 1,
              },
              "content": Array [
                Object {
                  "content": Array [
                    Object {
                      "text": "4",
                      "type": "text",
                    },
                  ],
                  "type": "paragraph",
                },
              ],
              "type": "tableCell",
            },
            Object {
              "attrs": Object {
                "background": "#ffffff",
                "colspan": 1,
                "colwidth": Array [
                  152,
                ],
                "rowspan": 1,
              },
              "content": Array [
                Object {
                  "content": Array [
                    Object {
                      "text": "5",
                      "type": "text",
                    },
                  ],
                  "type": "paragraph",
                },
              ],
              "type": "tableCell",
            },
          ],
          "type": "tableRow",
        },
      ],
      "type": "table",
    },
  ],
  "type": "doc",
}
`;

exports[`Should delete merged rows from contextual menu and decrement rowspan of the spanning cell 1`] = `
Object {
  "content": Array [
    Object {
      "attrs": Object {
        "__autoSize": false,
        "isNumberColumnEnabled": false,
        "layout": "default",
      },
      "content": Array [
        Object {
          "content": Array [
            Object {
              "attrs": Object {
                "background": "#ffffff",
                "colspan": 1,
                "colwidth": Array [
                  151,
                ],
                "rowspan": 1,
              },
              "content": Array [
                Object {
                  "content": Array [
                    Object {
                      "text": "1",
                      "type": "text",
                    },
                  ],
                  "type": "paragraph",
                },
              ],
              "type": "tableHeader",
            },
            Object {
              "attrs": Object {
                "background": "#deebff",
                "colspan": 1,
                "colwidth": Array [
                  98,
                ],
                "rowspan": 1,
              },
              "content": Array [
                Object {
                  "content": Array [
                    Object {
                      "text": "2",
                      "type": "text",
                    },
                  ],
                  "type": "paragraph",
                },
              ],
              "type": "tableHeader",
            },
            Object {
              "attrs": Object {
                "background": "#e6fcff",
                "colspan": 1,
                "colwidth": Array [
                  275,
                ],
                "rowspan": 1,
              },
              "content": Array [
                Object {
                  "content": Array [
                    Object {
                      "text": "3",
                      "type": "text",
                    },
                  ],
                  "type": "paragraph",
                },
              ],
              "type": "tableHeader",
            },
            Object {
              "attrs": Object {
                "background": "#eae6ff",
                "colspan": 1,
                "colwidth": Array [
                  83,
                ],
                "rowspan": 1,
              },
              "content": Array [
                Object {
                  "content": Array [
                    Object {
                      "text": "4",
                      "type": "text",
                    },
                  ],
                  "type": "paragraph",
                },
              ],
              "type": "tableHeader",
            },
            Object {
              "attrs": Object {
                "background": "#ffffff",
                "colspan": 1,
                "colwidth": Array [
                  152,
                ],
                "rowspan": 1,
              },
              "content": Array [
                Object {
                  "content": Array [
                    Object {
                      "text": "5",
                      "type": "text",
                    },
                  ],
                  "type": "paragraph",
                },
              ],
              "type": "tableHeader",
            },
          ],
          "type": "tableRow",
        },
        Object {
          "content": Array [
            Object {
              "attrs": Object {
                "background": "#e6fcff",
                "colspan": 1,
                "colwidth": Array [
                  151,
                ],
                "rowspan": 1,
              },
              "content": Array [
                Object {
                  "content": Array [
                    Object {
                      "text": "2",
                      "type": "text",
                    },
                  ],
                  "type": "paragraph",
                },
              ],
              "type": "tableCell",
            },
            Object {
              "attrs": Object {
                "background": "#fffae6",
                "colspan": 3,
                "colwidth": Array [
                  98,
                  275,
                  83,
                ],
                "rowspan": 2,
              },
              "content": Array [
                Object {
                  "type": "paragraph",
                },
              ],
              "type": "tableCell",
            },
            Object {
              "attrs": Object {
                "background": "#e6fcff",
                "colspan": 1,
                "colwidth": Array [
                  152,
                ],
                "rowspan": 1,
              },
              "content": Array [
                Object {
                  "content": Array [
                    Object {
                      "text": "2",
                      "type": "text",
                    },
                  ],
                  "type": "paragraph",
                },
              ],
              "type": "tableCell",
            },
          ],
          "type": "tableRow",
        },
        Object {
          "content": Array [
            Object {
              "attrs": Object {
                "background": "#e3fcef",
                "colspan": 1,
                "colwidth": Array [
                  151,
                ],
                "rowspan": 1,
              },
              "content": Array [
                Object {
                  "content": Array [
                    Object {
                      "text": "4",
                      "type": "text",
                    },
                  ],
                  "type": "paragraph",
                },
              ],
              "type": "tableCell",
            },
            Object {
              "attrs": Object {
                "background": "#e3fcef",
                "colspan": 1,
                "colwidth": Array [
                  152,
                ],
                "rowspan": 1,
              },
              "content": Array [
                Object {
                  "content": Array [
                    Object {
                      "text": "4",
                      "type": "text",
                    },
                  ],
                  "type": "paragraph",
                },
              ],
              "type": "tableCell",
            },
          ],
          "type": "tableRow",
        },
        Object {
          "content": Array [
            Object {
              "attrs": Object {
                "background": "#ffffff",
                "colspan": 1,
                "colwidth": Array [
                  151,
                ],
                "rowspan": 1,
              },
              "content": Array [
                Object {
                  "content": Array [
                    Object {
                      "text": "5",
                      "type": "text",
                    },
                  ],
                  "type": "paragraph",
                },
              ],
              "type": "tableCell",
            },
            Object {
              "attrs": Object {
                "background": "#deebff",
                "colspan": 1,
                "colwidth": Array [
                  98,
                ],
                "rowspan": 1,
              },
              "content": Array [
                Object {
                  "content": Array [
                    Object {
                      "text": "2",
                      "type": "text",
                    },
                  ],
                  "type": "paragraph",
                },
              ],
              "type": "tableCell",
            },
            Object {
              "attrs": Object {
                "background": "#e6fcff",
                "colspan": 1,
                "colwidth": Array [
                  275,
                ],
                "rowspan": 1,
              },
              "content": Array [
                Object {
                  "content": Array [
                    Object {
                      "text": "3",
                      "type": "text",
                    },
                  ],
                  "type": "paragraph",
                },
              ],
              "type": "tableCell",
            },
            Object {
              "attrs": Object {
                "background": "#eae6ff",
                "colspan": 1,
                "colwidth": Array [
                  83,
                ],
                "rowspan": 1,
              },
              "content": Array [
                Object {
                  "content": Array [
                    Object {
                      "text": "4",
                      "type": "text",
                    },
                  ],
                  "type": "paragraph",
                },
              ],
              "type": "tableCell",
            },
            Object {
              "attrs": Object {
                "background": "#ffffff",
                "colspan": 1,
                "colwidth": Array [
                  152,
                ],
                "rowspan": 1,
              },
              "content": Array [
                Object {
                  "content": Array [
                    Object {
                      "text": "5",
                      "type": "text",
                    },
                  ],
                  "type": "paragraph",
                },
              ],
              "type": "tableCell",
            },
          ],
          "type": "tableRow",
        },
      ],
      "type": "table",
    },
  ],
  "type": "doc",
}
`;
