// Jest Snapshot v1, https://goo.gl/fbAQLP

exports[`Should scale remaining columns when adding a new column preventing from going to overflow 1`] = `
Object {
  "content": Array [
    Object {
      "content": Array [
        Object {
          "attrs": Object {
            "width": 50,
          },
          "content": Array [
            Object {
              "type": "paragraph",
            },
          ],
          "type": "layoutColumn",
        },
        Object {
          "attrs": Object {
            "width": 50,
          },
          "content": Array [
            Object {
              "attrs": Object {
                "__autoSize": false,
                "isNumberColumnEnabled": false,
                "layout": "default",
              },
              "content": Array [
                Object {
                  "content": Array [
                    Object {
                      "attrs": Object {
                        "background": null,
                        "colspan": 1,
                        "colwidth": null,
                        "rowspan": 1,
                      },
                      "content": Array [
                        Object {
                          "type": "paragraph",
                        },
                      ],
                      "type": "tableHeader",
                    },
                    Object {
                      "attrs": Object {
                        "background": null,
                        "colspan": 1,
                        "colwidth": null,
                        "rowspan": 1,
                      },
                      "content": Array [
                        Object {
                          "type": "paragraph",
                        },
                      ],
                      "type": "tableHeader",
                    },
                    Object {
                      "attrs": Object {
                        "background": null,
                        "colspan": 1,
                        "colwidth": null,
                        "rowspan": 1,
                      },
                      "content": Array [
                        Object {
                          "type": "paragraph",
                        },
                      ],
                      "type": "tableHeader",
                    },
                  ],
                  "type": "tableRow",
                },
                Object {
                  "content": Array [
                    Object {
                      "attrs": Object {
                        "background": null,
                        "colspan": 1,
                        "colwidth": null,
                        "rowspan": 1,
                      },
                      "content": Array [
                        Object {
                          "content": Array [
                            Object {
                              "text": "should be inside of the table",
                              "type": "text",
                            },
                          ],
                          "type": "paragraph",
                        },
                      ],
                      "type": "tableCell",
                    },
                    Object {
                      "attrs": Object {
                        "background": null,
                        "colspan": 1,
                        "colwidth": null,
                        "rowspan": 1,
                      },
                      "content": Array [
                        Object {
                          "type": "paragraph",
                        },
                      ],
                      "type": "tableCell",
                    },
                    Object {
                      "attrs": Object {
                        "background": null,
                        "colspan": 1,
                        "colwidth": null,
                        "rowspan": 1,
                      },
                      "content": Array [
                        Object {
                          "type": "paragraph",
                        },
                      ],
                      "type": "tableCell",
                    },
                  ],
                  "type": "tableRow",
                },
                Object {
                  "content": Array [
                    Object {
                      "attrs": Object {
                        "background": null,
                        "colspan": 1,
                        "colwidth": null,
                        "rowspan": 1,
                      },
                      "content": Array [
                        Object {
                          "type": "paragraph",
                        },
                      ],
                      "type": "tableCell",
                    },
                    Object {
                      "attrs": Object {
                        "background": null,
                        "colspan": 1,
                        "colwidth": null,
                        "rowspan": 1,
                      },
                      "content": Array [
                        Object {
                          "type": "paragraph",
                        },
                      ],
                      "type": "tableCell",
                    },
                    Object {
                      "attrs": Object {
                        "background": null,
                        "colspan": 1,
                        "colwidth": null,
                        "rowspan": 1,
                      },
                      "content": Array [
                        Object {
                          "type": "paragraph",
                        },
                      ],
                      "type": "tableCell",
                    },
                  ],
                  "type": "tableRow",
                },
                Object {
                  "content": Array [
                    Object {
                      "attrs": Object {
                        "background": null,
                        "colspan": 1,
                        "colwidth": null,
                        "rowspan": 1,
                      },
                      "content": Array [
                        Object {
                          "type": "paragraph",
                        },
                      ],
                      "type": "tableCell",
                    },
                    Object {
                      "attrs": Object {
                        "background": null,
                        "colspan": 1,
                        "colwidth": null,
                        "rowspan": 1,
                      },
                      "content": Array [
                        Object {
                          "type": "paragraph",
                        },
                      ],
                      "type": "tableCell",
                    },
                    Object {
                      "attrs": Object {
                        "background": null,
                        "colspan": 1,
                        "colwidth": null,
                        "rowspan": 1,
                      },
                      "content": Array [
                        Object {
                          "type": "paragraph",
                        },
                      ],
                      "type": "tableCell",
                    },
                  ],
                  "type": "tableRow",
                },
              ],
              "type": "table",
            },
          ],
          "type": "layoutColumn",
        },
      ],
      "type": "layoutSection",
    },
  ],
  "type": "doc",
}
`;
