// Jest Snapshot v1, https://goo.gl/fbAQLP

exports[`card: selecting an inline card and choosing a new page from edit-link menu should update title and url for supported link 1`] = `
Object {
  "content": Array [
    Object {
      "content": Array [
        Object {
          "attrs": Object {
            "data": Object {
              "@context": "https://www.w3.org/ns/activitystreams",
              "@type": "Document",
              "name": "https://product-fabric.atlassian.net/wiki/display/H/Home+opt-in+requests",
              "url": "https://product-fabric.atlassian.net/wiki/display/H/Home+opt-in+requests",
            },
            "url": null,
          },
          "type": "inlineCard",
        },
        Object {
          "text": "  ",
          "type": "text",
        },
      ],
      "type": "paragraph",
    },
    Object {
      "type": "paragraph",
    },
  ],
  "type": "doc",
}
`;
