// Jest Snapshot v1, https://goo.gl/fbAQLP

exports[`card: selecting an inline card and choosing a new page from edit-link menu should update title and url for unsupported link 1`] = `
Object {
  "content": Array [
    Object {
      "content": Array [
        Object {
          "marks": Array [
            Object {
              "attrs": Object {
                "__confluenceMetadata": null,
                "href": "https://product-fabric.atlassian.net/browse/FAB-1166",
              },
              "type": "link",
            },
          ],
          "text": "https://product-fabric.atlassian.net/browse/FAB-1166",
          "type": "text",
        },
        Object {
          "text": " ",
          "type": "text",
        },
      ],
      "type": "paragraph",
    },
    Object {
      "type": "paragraph",
    },
  ],
  "type": "doc",
}
`;
