// Jest Snapshot v1, https://goo.gl/fbAQLP

exports[`quick-insert.ts: Insert hyperlink via quick insert 1`] = `
Object {
  "content": Array [
    Object {
      "content": Array [
        Object {
          "marks": Array [
            Object {
              "attrs": Object {
                "__confluenceMetadata": null,
                "href": "http://google.com",
              },
              "type": "link",
            },
          ],
          "text": "google.com",
          "type": "text",
        },
      ],
      "type": "paragraph",
    },
  ],
  "type": "doc",
}
`;
