// Jest Snapshot v1, https://goo.gl/fbAQLP

exports[`Copy block with floating toolbar copy button 1`] = `
Object {
  "content": Array [
    Object {
      "type": "paragraph",
    },
    Object {
      "type": "paragraph",
    },
    Object {
      "attrs": Object {
        "extensionKey": "bodied-eh",
        "extensionType": "com.atlassian.confluence.macro.core",
        "layout": "default",
        "localId": "testId",
        "parameters": Object {
          "macroMetadata": Object {
            "placeholder": Array [
              Object {
                "data": Object {
                  "url": "",
                },
                "type": "icon",
              },
            ],
          },
          "macroParams": Object {},
        },
        "text": null,
      },
      "content": Array [
        Object {
          "attrs": Object {
            "extensionKey": "awesome:list",
            "extensionType": "com.atlassian.forge",
            "layout": "full-width",
            "localId": "testId",
            "parameters": Object {
              "items": Array [
                "a",
                "b",
                "c",
                "d",
              ],
            },
            "text": null,
          },
          "type": "extension",
        },
        Object {
          "content": Array [
            Object {
              "text": "Sample",
              "type": "text",
            },
          ],
          "type": "paragraph",
        },
      ],
      "type": "bodiedExtension",
    },
    Object {
      "attrs": Object {
        "extensionKey": "bodied-eh",
        "extensionType": "com.atlassian.confluence.macro.core",
        "layout": "default",
        "localId": "testId",
        "parameters": Object {
          "macroMetadata": Object {
            "placeholder": Array [
              Object {
                "data": Object {
                  "url": "",
                },
                "type": "icon",
              },
            ],
          },
          "macroParams": Object {},
        },
        "text": null,
      },
      "content": Array [
        Object {
          "attrs": Object {
            "extensionKey": "awesome:list",
            "extensionType": "com.atlassian.forge",
            "layout": "full-width",
            "localId": "testId",
            "parameters": Object {
              "items": Array [
                "a",
                "b",
                "c",
                "d",
              ],
            },
            "text": null,
          },
          "type": "extension",
        },
        Object {
          "content": Array [
            Object {
              "text": "Sample",
              "type": "text",
            },
          ],
          "type": "paragraph",
        },
      ],
      "type": "bodiedExtension",
    },
  ],
  "type": "doc",
}
`;
